[0.545s] DEBUG:colcon:Command line arguments: ['/usr/bin/colcon', 'list', '-p', '--base-paths', '/home/satya_ubuntu/ros2_ws/ROS_fundamentals', '--log-base', '/dev/null']
[0.545s] DEBUG:colcon:Parsed command line arguments: Namespace(log_base=None, log_level=None, verb_name='list', build_base='build', ignore_user_meta=False, metas=['./colcon.meta'], base_paths=['/home/satya_ubuntu/ros2_ws/ROS_fundamentals', '--log-base', '/dev/null'], packages_ignore=None, packages_ignore_regex=None, paths=None, packages_up_to=None, packages_up_to_regex=None, packages_above=None, packages_above_and_dependencies=None, packages_above_depth=None, packages_select_by_dep=None, packages_skip_by_dep=None, packages_skip_up_to=None, packages_select_build_failed=False, packages_skip_build_finished=False, packages_select_test_failures=False, packages_skip_test_passed=False, packages_select=None, packages_skip=None, packages_select_regex=None, packages_skip_regex=None, packages_start=None, packages_end=None, allow_overriding=[], topological_order=False, names_only=False, paths_only=True, topological_graph=False, topological_graph_dot=False, topological_graph_density=False, topological_graph_legend=False, topological_graph_dot_cluster=False, topological_graph_dot_include_skipped=False, mixin_files=None, mixin=None, verb_parser=<colcon_mixin.mixin.mixin_argument.MixinArgumentDecorator object at 0xffff88d7b1f0>, verb_extension=<colcon_package_information.verb.list.ListVerb object at 0xffff88d7a2c0>, main=<bound method ListVerb.main of <colcon_package_information.verb.list.ListVerb object at 0xffff88d7a2c0>>, mixin_verb=('list',))
[1.622s] Level 1:colcon.colcon_core.package_discovery:discover_packages(colcon_meta) check parameters
[1.622s] Level 1:colcon.colcon_core.package_discovery:discover_packages(recursive) check parameters
[1.623s] Level 1:colcon.colcon_core.package_discovery:discover_packages(ignore) check parameters
[1.623s] Level 1:colcon.colcon_core.package_discovery:discover_packages(path) check parameters
[1.623s] Level 1:colcon.colcon_core.package_discovery:discover_packages(recursive) discover
[1.623s] INFO:colcon.colcon_core.package_discovery:Crawling recursively for packages in '/home/satya_ubuntu/ros2_ws/ROS_fundamentals', '/home/satya_ubuntu/ros2_ws/ROS_fundamentals/--log-base', '/dev/null'
[1.623s] Level 1:colcon.colcon_core.package_identification:_identify(/home/satya_ubuntu/ros2_ws/ROS_fundamentals) by extensions ['ignore', 'ignore_ament_install']
[1.623s] Level 1:colcon.colcon_core.package_identification:_identify(/home/satya_ubuntu/ros2_ws/ROS_fundamentals) by extension 'ignore'
[1.623s] Level 1:colcon.colcon_core.package_identification:_identify(/home/satya_ubuntu/ros2_ws/ROS_fundamentals) by extension 'ignore_ament_install'
[1.623s] Level 1:colcon.colcon_core.package_identification:_identify(/home/satya_ubuntu/ros2_ws/ROS_fundamentals) by extensions ['colcon_pkg']
[1.623s] Level 1:colcon.colcon_core.package_identification:_identify(/home/satya_ubuntu/ros2_ws/ROS_fundamentals) by extension 'colcon_pkg'
[1.623s] Level 1:colcon.colcon_core.package_identification:_identify(/home/satya_ubuntu/ros2_ws/ROS_fundamentals) by extensions ['colcon_meta']
[1.623s] Level 1:colcon.colcon_core.package_identification:_identify(/home/satya_ubuntu/ros2_ws/ROS_fundamentals) by extension 'colcon_meta'
[1.624s] Level 1:colcon.colcon_core.package_identification:_identify(/home/satya_ubuntu/ros2_ws/ROS_fundamentals) by extensions ['ros']
[1.624s] Level 1:colcon.colcon_core.package_identification:_identify(/home/satya_ubuntu/ros2_ws/ROS_fundamentals) by extension 'ros'
[1.711s] Level 1:colcon.colcon_core.package_identification:_identify(/home/satya_ubuntu/ros2_ws/ROS_fundamentals) by extensions ['cmake', 'python']
[1.711s] Level 1:colcon.colcon_core.package_identification:_identify(/home/satya_ubuntu/ros2_ws/ROS_fundamentals) by extension 'cmake'
[1.711s] Level 1:colcon.colcon_core.package_identification:_identify(/home/satya_ubuntu/ros2_ws/ROS_fundamentals) by extension 'python'
[1.711s] Level 1:colcon.colcon_core.package_identification:_identify(/home/satya_ubuntu/ros2_ws/ROS_fundamentals) by extensions ['python_setup_py']
[1.711s] Level 1:colcon.colcon_core.package_identification:_identify(/home/satya_ubuntu/ros2_ws/ROS_fundamentals) by extension 'python_setup_py'
[1.711s] Level 1:colcon.colcon_core.package_identification:_identify(/home/satya_ubuntu/ros2_ws/ROS_fundamentals/log) by extensions ['ignore', 'ignore_ament_install']
[1.711s] Level 1:colcon.colcon_core.package_identification:_identify(/home/satya_ubuntu/ros2_ws/ROS_fundamentals/log) by extension 'ignore'
[1.711s] Level 1:colcon.colcon_core.package_identification:_identify(/home/satya_ubuntu/ros2_ws/ROS_fundamentals/log) ignored
[1.711s] Level 1:colcon.colcon_core.package_identification:_identify(/home/satya_ubuntu/ros2_ws/ROS_fundamentals/ros_basics) by extensions ['ignore', 'ignore_ament_install']
[1.712s] Level 1:colcon.colcon_core.package_identification:_identify(/home/satya_ubuntu/ros2_ws/ROS_fundamentals/ros_basics) by extension 'ignore'
[1.712s] Level 1:colcon.colcon_core.package_identification:_identify(/home/satya_ubuntu/ros2_ws/ROS_fundamentals/ros_basics) by extension 'ignore_ament_install'
[1.712s] Level 1:colcon.colcon_core.package_identification:_identify(/home/satya_ubuntu/ros2_ws/ROS_fundamentals/ros_basics) by extensions ['colcon_pkg']
[1.712s] Level 1:colcon.colcon_core.package_identification:_identify(/home/satya_ubuntu/ros2_ws/ROS_fundamentals/ros_basics) by extension 'colcon_pkg'
[1.712s] Level 1:colcon.colcon_core.package_identification:_identify(/home/satya_ubuntu/ros2_ws/ROS_fundamentals/ros_basics) by extensions ['colcon_meta']
[1.712s] Level 1:colcon.colcon_core.package_identification:_identify(/home/satya_ubuntu/ros2_ws/ROS_fundamentals/ros_basics) by extension 'colcon_meta'
[1.712s] Level 1:colcon.colcon_core.package_identification:_identify(/home/satya_ubuntu/ros2_ws/ROS_fundamentals/ros_basics) by extensions ['ros']
[1.712s] Level 1:colcon.colcon_core.package_identification:_identify(/home/satya_ubuntu/ros2_ws/ROS_fundamentals/ros_basics) by extension 'ros'
[1.736s] DEBUG:colcon.colcon_core.package_identification:Package '/home/satya_ubuntu/ros2_ws/ROS_fundamentals/ros_basics' with type 'ros.ament_python' and name 'ros_basics'
[1.736s] Level 1:colcon.colcon_core.package_discovery:discover_packages(recursive) using defaults
